// Jest Snapshot v1, https://goo.gl/fbAQLP

exports[`testing empty case should render component 1`] = `
<div>
  <div
    id="app"
  >
    <input
      accept="image/*"
      style="display: none;"
      type="file"
    />
    <div
      class="upload__image-wrapper"
    >
      <button
        id="btn-upload"
        type="button"
      >
        Click or Drop here
      </button>
      <button
        id="btn-remove"
        type="button"
      >
        Remove all images
      </button>
      <div
        id="list-images"
      />
    </div>
  </div>
</div>
`;
