// Jest Snapshot v1, https://goo.gl/fbAQLP

exports[`testing initial list of n images should render component 1`] = `
<div>
  <div
    id="app"
  >
    <input
      accept="image/*"
      style="display: none;"
      type="file"
    />
    <div
      class="upload__image-wrapper"
    >
      <button
        id="btn-upload"
      >
        Click or Drop here
      </button>
      <button
        id="btn-remove"
      >
        Remove all images
      </button>
      <div
        id="list-images"
      >
        <div
          class="image-item"
        >
          <img
            alt="image-preview"
            id="image_0"
            src="image 1"
          />
          <div
            class="image-item__btn-wrapper"
          >
            <button
              id="update_0"
            >
              Update
            </button>
            <button
              id="remove_0"
            >
              Remove 0
            </button>
          </div>
        </div>
      </div>
    </div>
  </div>
</div>
`;
